// Jest Snapshot v1, https://goo.gl/fbAQLP

exports[`matches snapshot without props 1`] = `
<footer>
  Â© 2018 Code Fellows
</footer>
`;
